

*******************************************************************************
Sun Jun 28 15:13:12 2026


FIT:    data read from "out.times.data" using 1:2
        format = x:z
        #datapoints = 9
        residuals are weighted equally (unit weight)

function used for fitting: f(x)
	f(x) = a*x**3
fitted parameters initialized with current variable values

iter      chisq       delta/lim  lambda   a            
   0 1.4949220000e+02   0.00e+00  4.69e+00    1.000000e-08
   4 1.1943289591e-02  -1.93e-09  4.69e-04    1.307706e-09

After 4 iterations the fit converged.
final sum of squares of residuals : 0.0119433
rel. change during last iteration : -1.93178e-14

degrees of freedom    (FIT_NDF)                        : 8
rms of residuals      (FIT_STDFIT) = sqrt(WSSR/ndf)    : 0.0386382
variance of residuals (reduced chisquare) = WSSR/ndf   : 0.00149291

Final set of parameters            Asymptotic Standard Error
=======================            ==========================
a               = 1.30771e-09      +/- 2.747e-11    (2.101%)
