

*******************************************************************************
Mon Jun 22 15:45:08 2026


FIT:    data read from "scaling_data.txt" using 1:2
        format = x:z
        #datapoints = 7
        residuals are weighted equally (unit weight)

function used for fitting: f(x)
	f(x) = a*x**b
fitted parameters initialized with current variable values

iter      chisq       delta/lim  lambda   a             b            
   0 1.2314433330e-03   0.00e+00  2.32e-01    1.000000e-07   3.000000e+00
  10 2.5773225097e-05  -2.84e-03  2.32e-07    3.449632e-08   3.077269e+00

After 10 iterations the fit converged.
final sum of squares of residuals : 2.57732e-05
rel. change during last iteration : -2.84395e-08

degrees of freedom    (FIT_NDF)                        : 5
rms of residuals      (FIT_STDFIT) = sqrt(WSSR/ndf)    : 0.00227038
variance of residuals (reduced chisquare) = WSSR/ndf   : 5.15465e-06

Final set of parameters            Asymptotic Standard Error
=======================            ==========================
a               = 3.44963e-08      +/- 7.679e-08    (222.6%)
b               = 3.07727          +/- 0.5146       (16.72%)

correlation matrix of the fit parameters:
                a      b      
a               1.000 
b              -0.999  1.000 
