

*******************************************************************************
Tue Jun 30 12:40:41 2026


FIT:    data read from "scaling_data.txt" using 1:2
        format = x:z
        #datapoints = 8
        residuals are weighted equally (unit weight)

function used for fitting: f(x)
	f(x) = a*x**b
fitted parameters initialized with current variable values

iter      chisq       delta/lim  lambda   a             b            
   0 4.1516771266e-01   0.00e+00  3.06e+00    1.000000e-07   3.000000e+00
   7 2.2712749263e-04  -2.92e-01  3.06e-07    1.799949e-07   2.554413e+00

After 7 iterations the fit converged.
final sum of squares of residuals : 0.000227127
rel. change during last iteration : -2.92237e-06

degrees of freedom    (FIT_NDF)                        : 6
rms of residuals      (FIT_STDFIT) = sqrt(WSSR/ndf)    : 0.00615261
variance of residuals (reduced chisquare) = WSSR/ndf   : 3.78546e-05

Final set of parameters            Asymptotic Standard Error
=======================            ==========================
a               = 1.79995e-07      +/- 2.358e-07    (131%)
b               = 2.55441          +/- 0.2562       (10.03%)

correlation matrix of the fit parameters:
                a      b      
a               1.000 
b              -0.999  1.000 
